// Jest Snapshot v1, https://goo.gl/fbAQLP

exports[`components/devices/deviceProperties matches snapshot while interface cannot be found 1`] = `
<Fragment>
  <StyledCommandBarBase
    className="command"
    farItems={
      Array [
        Object {
          "ariaLabel": "deviceProperties.command.close",
          "iconProps": Object {
            "iconName": "NavigateBack",
          },
          "key": "NavigateBack",
          "name": "deviceProperties.command.close",
          "onClick": [Function],
        },
      ]
    }
    items={
      Array [
        Object {
          "ariaLabel": "deviceProperties.command.refresh",
          "iconProps": Object {
            "iconName": "Refresh",
          },
          "key": "Refresh",
          "name": "deviceProperties.command.refresh",
          "onClick": [Function],
        },
      ]
    }
  />
  <Route
    component={[Function]}
  />
  <StyledLabelBase
    className="no-pnp-content"
  >
    deviceProperties.noProperties
  </StyledLabelBase>
</Fragment>
`;

exports[`components/devices/deviceProperties matches snapshot with one twinWithSchema 1`] = `
<Fragment>
  <StyledCommandBarBase
    className="command"
    farItems={
      Array [
        Object {
          "ariaLabel": "deviceProperties.command.close",
          "iconProps": Object {
            "iconName": "NavigateBack",
          },
          "key": "NavigateBack",
          "name": "deviceProperties.command.close",
          "onClick": [Function],
        },
      ]
    }
    items={
      Array [
        Object {
          "ariaLabel": "deviceProperties.command.refresh",
          "iconProps": Object {
            "iconName": "Refresh",
          },
          "key": "Refresh",
          "name": "deviceProperties.command.refresh",
          "onClick": [Function],
        },
      ]
    }
  />
  <Route
    component={[Function]}
  />
  <StyledLabelBase
    className="no-pnp-content"
  >
    deviceProperties.noProperties
  </StyledLabelBase>
</Fragment>
`;
