// Jest Snapshot v1, https://goo.gl/fbAQLP

exports[`FilterTextBox matches snapshot 1`] = `
<StyledTextFieldBase
  ariaLabel="authentication.azureActiveDirectory.filter.placeHolder"
  iconProps={
    Object {
      "iconName": "Filter",
    }
  }
  onChange={[Function]}
  placeholder="authentication.azureActiveDirectory.filter.placeHolder"
  role="searchbox"
  value=""
/>
`;
