// Jest Snapshot v1, https://goo.gl/fbAQLP

exports[`deviceListCommandBar matches snapshot 1`] = `
<StyledCommandBarBase
  items={
    Array [
      Object {
        "ariaLabel": "deviceLists.commands.add",
        "disabled": undefined,
        "iconProps": Object {
          "iconName": "BoxAdditionSolid",
        },
        "key": "BoxAdditionSolid",
        "name": "deviceLists.commands.add",
        "onClick": [Function],
      },
      Object {
        "ariaLabel": "deviceLists.commands.refresh",
        "disabled": undefined,
        "iconProps": Object {
          "iconName": "Refresh",
        },
        "key": "Refresh",
        "name": "deviceLists.commands.refresh",
        "onClick": [Function],
      },
      Object {
        "ariaLabel": "deviceLists.commands.delete.buttonText",
        "disabled": undefined,
        "iconProps": Object {
          "iconName": "Delete",
        },
        "key": "Delete",
        "name": "deviceLists.commands.delete.buttonText",
        "onClick": [Function],
      },
    ]
  }
/>
`;
