// Jest Snapshot v1, https://goo.gl/fbAQLP

exports[`login/components/connectivityPane matches snapshot 1`] = `
<Stack
  horizontal={true}
>
  <StackItem
    align="start"
  >
    <CustomizedComboBox
      allowFreeform={true}
      ariaLabel="connectivityPane.connectionStringComboBox.ariaLabel"
      autoComplete="on"
      buttonIconProps={
        Object {
          "iconName": "ChevronDown",
        }
      }
      className="connection-string-dropDown"
      label="connectivityPane.connectionStringComboBox.label"
      onChange={[Function]}
      options={Array []}
      placeholder="connectivityPane.connectionStringComboBox.prompt"
      text=""
      useComboBoxAsMenuWidth={true}
    />
    <input
      aria-hidden={true}
      className="hidden"
      readOnly={true}
      tabIndex={-1}
      value=""
    />
  </StackItem>
  <StackItem
    align="end"
    className="connection-string-button"
  >
    <StyledTooltipHostBase
      content="connectivityPane.connectionStringComboBox.ariaLabelRemove"
    >
      <CustomizedIconButton
        ariaLabel="connectivityPane.connectionStringComboBox.ariaLabelRemove"
        disabled={true}
        iconProps={
          Object {
            "iconName": "Cancel",
          }
        }
        onClick={[Function]}
      />
    </StyledTooltipHostBase>
  </StackItem>
  <StackItem
    align="end"
    className="connection-string-button"
  >
    <StyledTooltipHostBase
      content="connectivityPane.dropDown.copyButton"
    >
      <CustomizedIconButton
        ariaLabel="connectivityPane.dropDown.copyButton"
        componentRef={
          Object {
            "current": null,
          }
        }
        disabled={true}
        iconProps={
          Object {
            "iconName": "Copy",
          }
        }
        onClick={[Function]}
      />
    </StyledTooltipHostBase>
  </StackItem>
</Stack>
`;
