// Jest Snapshot v1, https://goo.gl/fbAQLP

exports[`collapsibleSection matches snapshot 1`] = `
<div
  className="collapsible-section"
>
  <CustomizedIconButton
    ariaLabel="collapsibleSection.open Label"
    className="collapsible-section-icon"
    iconProps={
      Object {
        "iconName": "ChevronDown",
      }
    }
    onClick={[Function]}
    title="collapsibleSection.open"
  />
  <LabelWithTooltip
    tooltipText="tooltip"
  >
    Label
  </LabelWithTooltip>
  <div
    className="collapsible-section-children"
  />
</div>
`;
