// Jest Snapshot v1, https://goo.gl/fbAQLP

exports[`commands matches snapshot 1`] = `
<Fragment>
  <StyledCommandBarBase
    farItems={
      Array [
        Object {
          "ariaLabel": "deviceEvents.command.close",
          "iconProps": Object {
            "iconName": "NavigateBack",
          },
          "key": "NavigateBack",
          "name": "deviceEvents.command.close",
          "onClick": [Function],
        },
      ]
    }
    items={
      Array [
        Object {
          "ariaLabel": "deviceEvents.command.start",
          "disabled": false,
          "iconProps": Object {
            "iconName": "Play",
          },
          "key": "Play",
          "name": "deviceEvents.command.start",
          "onClick": [Function],
        },
        Object {
          "ariaLabel": "Show modeled events",
          "iconProps": Object {
            "iconName": "Checkbox",
          },
          "key": "Checkbox",
          "name": "Show modeled events",
          "onClick": [Function],
        },
        Object {
          "ariaLabel": "deviceEvents.command.refresh",
          "disabled": false,
          "iconProps": Object {
            "iconName": "Refresh",
          },
          "key": "Refresh",
          "name": "deviceEvents.command.refresh",
          "onClick": undefined,
        },
        Object {
          "ariaLabel": "deviceEvents.command.clearEvents",
          "iconProps": Object {
            "iconName": "Delete",
          },
          "key": "Clear",
          "name": "deviceEvents.command.clearEvents",
          "onClick": [Function],
        },
      ]
    }
  />
</Fragment>
`;
