// Jest Snapshot v1, https://goo.gl/fbAQLP

exports[`commands matches snapshot 1`] = `
<Fragment>
  <CommandBarV9
    farItems={
      [
        {
          "ariaLabel": "deviceEvents.command.close",
          "icon": <ArrowLeftRegular />,
          "key": "NavigateBack",
          "name": "deviceEvents.command.close",
          "onClick": [Function],
        },
      ]
    }
    items={
      [
        {
          "ariaLabel": "deviceEvents.command.start",
          "disabled": false,
          "icon": <PlayRegular />,
          "key": "Play",
          "name": "deviceEvents.command.start",
          "onClick": [Function],
        },
        {
          "ariaLabel": "Show modeled events",
          "icon": <CheckboxUncheckedRegular />,
          "key": "Checkbox",
          "name": "Show modeled events",
          "onClick": [Function],
        },
        {
          "ariaLabel": "deviceEvents.command.refresh",
          "disabled": false,
          "icon": <ArrowSyncRegular />,
          "key": "Refresh",
          "name": "deviceEvents.command.refresh",
          "onClick": undefined,
        },
        {
          "ariaLabel": "deviceEvents.command.clearEvents",
          "icon": <DeleteRegular />,
          "key": "Clear",
          "name": "deviceEvents.command.clearEvents",
          "onClick": [Function],
        },
      ]
    }
  />
</Fragment>
`;
