// Jest Snapshot v1, https://goo.gl/fbAQLP

exports[`AuthenticationSelection matches snapshot 1`] = `
<div
  className="auth-slection-container"
>
  <div
    style={
      {
        "display": "flex",
        "flexDirection": "column",
        "gap": "10px",
      }
    }
  >
    <h3
      aria-level={1}
      role="heading"
    >
      authentication.authSelection.header
    </h3>
    <div>
      <Component
        components={
          [
            <Link
              href="https://aka.ms/iothubPermissions"
              target="_blank"
            />,
          ]
        }
      >
        authentication.authSelection.subText
      </Component>
    </div>
    <div
      style={
        {
          "display": "flex",
          "flexDirection": "row",
          "gap": "80px",
        }
      }
    >
      <CompoundButton
        appearance="primary"
        className="auth-selection-tile"
        icon={<KeyRegular />}
        onClick={[Function]}
      >
        authentication.authSelection.selection.connectionString
      </CompoundButton>
      <CompoundButton
        className="auth-selection-tile"
        icon={<OrganizationRegular />}
        onClick={[Function]}
      >
        authentication.authSelection.selection.azureActiveDirectory
      </CompoundButton>
    </div>
  </div>
</div>
`;
