// Jest Snapshot v1, https://goo.gl/fbAQLP

exports[`AuthenticationSelection matches snapshot 1`] = `
<div
  className="auth-slection-container"
>
  <Stack
    tokens={
      Object {
        "childrenGap": 10,
      }
    }
  >
    <h3
      aria-level={1}
      role="heading"
    >
      authentication.authSelection.header
    </h3>
    <div>
      <Component
        components={
          Array [
            <StyledLinkBase
              href="https://aka.ms/iothubPermissions"
              target="_blank"
            />,
          ]
        }
      >
        authentication.authSelection.subText
      </Component>
    </div>
    <Stack
      horizontal={true}
      tokens={
        Object {
          "childrenGap": 80,
        }
      }
    >
      <CustomizedCompoundButton
        className="auth-selection-tile"
        iconProps={
          Object {
            "iconName": "Permissions",
          }
        }
        onClick={[Function]}
        primary={true}
      >
        authentication.authSelection.selection.connectionString
      </CustomizedCompoundButton>
      <CustomizedCompoundButton
        className="auth-selection-tile"
        iconProps={
          Object {
            "iconName": "AADLogo",
          }
        }
        onClick={[Function]}
      >
        authentication.authSelection.selection.azureActiveDirectory
      </CustomizedCompoundButton>
    </Stack>
  </Stack>
</div>
`;
