// Jest Snapshot v1, https://goo.gl/fbAQLP

exports[`ModuleIdentityDetailHeader matches snapshot 1`] = `
<Stack
  className="module-pivot"
  horizontal={true}
>
  <StyledPivotBase
    aria-label="digitalTwin.pivot.ariaLabel"
    onLinkClick={[Function]}
    selectedKey="moduleDetail"
  >
    <PivotItem
      headerText="breadcrumb.moduleDetail"
      itemKey="moduleDetail"
      key="moduleDetail"
    />
    <PivotItem
      headerText="breadcrumb.moduleTwin"
      itemKey="moduleTwin"
      key="moduleTwin"
    />
    <PivotItem
      headerText="breadcrumb.moduleMethod"
      itemKey="moduleMethod"
      key="moduleMethod"
    />
    <PivotItem
      headerText="breadcrumb.moduleEvents"
      itemKey="moduleEvents"
      key="moduleEvents"
    />
    <PivotItem
      headerText="breadcrumb.modulePnp"
      itemKey="modulePnp"
      key="modulePnp"
    />
  </StyledPivotBase>
</Stack>
`;
