// Jest Snapshot v1, https://goo.gl/fbAQLP

exports[`devices/components/deviceTwin snapshot matches snapshot 1`] = `
<Fragment>
  <StyledCommandBarBase
    className="command"
    items={
      Array [
        Object {
          "ariaLabel": "deviceTwin.command.refresh",
          "iconProps": Object {
            "iconName": "Refresh",
          },
          "key": "Refresh",
          "name": "deviceTwin.command.refresh",
          "onClick": [Function],
        },
        Object {
          "ariaLabel": "deviceTwin.command.save",
          "disabled": true,
          "iconProps": Object {
            "iconName": "Save",
          },
          "key": "Save",
          "name": "deviceTwin.command.save",
          "onClick": [Function],
        },
      ]
    }
  />
  <Component
    headerText="deviceTwin.headerText"
    tooltip="deviceTwin.tooltip"
  />
  <article
    className="device-twin device-detail"
  />
</Fragment>
`;

exports[`devices/components/deviceTwin snapshot matches snapshot with twin 1`] = `
<Fragment>
  <StyledCommandBarBase
    className="command"
    items={
      Array [
        Object {
          "ariaLabel": "deviceTwin.command.refresh",
          "iconProps": Object {
            "iconName": "Refresh",
          },
          "key": "Refresh",
          "name": "deviceTwin.command.refresh",
          "onClick": [Function],
        },
        Object {
          "ariaLabel": "deviceTwin.command.save",
          "disabled": true,
          "iconProps": Object {
            "iconName": "Save",
          },
          "key": "Save",
          "name": "deviceTwin.command.save",
          "onClick": [Function],
        },
      ]
    }
  />
  <Component
    headerText="deviceTwin.headerText"
    tooltip="deviceTwin.tooltip"
  />
  <article
    className="device-twin device-detail"
  />
</Fragment>
`;
