// Jest Snapshot v1, https://goo.gl/fbAQLP

exports[`DeviceEventsStateContextProvider matches snapshot 1`] = `
<ContextProvider
  value={
    [
      {
        "contentType": {
          "decodeType": "JSON",
        },
        "formMode": "initialized",
        "message": [],
      },
      {
        "clearEventsMonitoring": [Function],
        "setDecoderInfo": [Function],
        "setDefaultDecodeInfo": [Function],
        "setEvents": [Function],
        "startEventsMonitoring": [Function],
        "stopEventsMonitoring": [Function],
      },
    ]
  }
>
  <span>
    test
  </span>
</ContextProvider>
`;
