// Jest Snapshot v1, https://goo.gl/fbAQLP

exports[`IotHubResource matches snapshot 1`] = `
<Component>
  <Component
    element={
      <BreadcrumbRoute
        breadcrumb={
          {
            "name": "breadcrumb.devices",
          }
        }
      >
        <IotHubDevices />
      </BreadcrumbRoute>
    }
    path="devices/*"
  />
  <Component
    element={
      <UNDEFINED
        replace={true}
        to="devices"
      />
    }
    path="*"
  />
</Component>
`;
