// Jest Snapshot v1, https://goo.gl/fbAQLP

exports[`IotHubResource matches snapshot 1`] = `
<Component>
  <BreadcrumbRoute
    breadcrumb={
      {
        "name": "breadcrumb.devices",
      }
    }
    path="/devices"
  >
    <IotHubDevices />
  </BreadcrumbRoute>
  <Component
    from=""
    to="/devices"
  />
</Component>
`;
