// Jest Snapshot v1, https://goo.gl/fbAQLP

exports[`IotHub matches snapshot 1`] = `
<Component>
  <Component
    element={<IotHubHost />}
    path="host/:hostName/*"
  />
  <Component
    element={<IotHubResource />}
    path="resource/:subscription/:resourceGroup/:resourceName/*"
  />
</Component>
`;
