// Jest Snapshot v1, https://goo.gl/fbAQLP

exports[`HomeView matches snapshot 1`] = `
<Fragment>
  <AppVersionMessageBar />
  <div
    className="mainarea"
  >
    <div
      className="mainleftnav"
    >
      <HomeViewNavigation
        appMenuVisible={true}
        setAppMenuVisible={[Function]}
      />
    </div>
    <div
      className="maincontent"
    >
      <AuthenticationStateContextProvider>
        <Routes>
          <Route
            element={
              <Navigate
                replace={true}
                to="/home/resources"
              />
            }
            path="/"
          />
          <Route
            element={<AuthenticationView />}
            path="resources"
          />
          <Route
            element={<ModelRepositoryLocationView />}
            path="repos"
          />
          <Route
            element={<NotificationList />}
            path="notifications"
          />
        </Routes>
      </AuthenticationStateContextProvider>
    </div>
  </div>
</Fragment>
`;
