// Jest Snapshot v1, https://goo.gl/fbAQLP

exports[`HomeView matches snapshot 1`] = `
<div>
  <Component />
  <div
    className="view-content home-view"
  >
    <div
      className="nav"
    >
      <Component />
    </div>
    <div
      className="content"
    >
      <Switch>
        <Redirect
          exact={true}
          from="/home"
          to="/home/resources"
        />
        <Route
          component={[Function]}
          exact={true}
          path="/home/resources"
        />
        <Route
          component={[Function]}
          exact={true}
          path="/home/repos"
        />
      </Switch>
    </div>
  </div>
</div>
`;
