// Jest Snapshot v1, https://goo.gl/fbAQLP

exports[`devices/components/addModuleIdentity snapshot matches snapshot while loading 1`] = `
<Fragment>
  <CommandBarV9
    className="command"
    items={
      [
        {
          "ariaLabel": "moduleIdentity.command.save",
          "disabled": true,
          "iconProps": {
            "iconName": "Save",
          },
          "key": "Save",
          "name": "moduleIdentity.command.save",
          "onClick": [Function],
        },
        {
          "ariaLabel": "moduleIdentity.command.cancel",
          "iconProps": {
            "iconName": "Cancel",
          },
          "key": "Cancel",
          "name": "moduleIdentity.command.cancel",
          "onClick": [Function],
        },
      ]
    }
  />
  <HeaderView
    headerText="moduleIdentity.headerText"
  />
  <div
    className="device-detail"
  >
    <Field
      hint="moduleIdentity.moduleIdTooltip"
      label="moduleIdentity.moduleId"
      required={true}
    >
      <Input
        aria-label="moduleIdentity.moduleId"
        onChange={[Function]}
        value=""
      />
    </Field>
    <div
      className="authentication"
    >
      <Field
        label="moduleIdentity.authenticationType.text"
        required={true}
      >
        <RadioGroup
          onChange={[Function]}
          value="sas"
        >
          <Radio
            label="moduleIdentity.authenticationType.symmetricKey.type"
            value="sas"
          />
          <Radio
            label="moduleIdentity.authenticationType.selfSigned.type"
            value="selfSigned"
          />
          <Radio
            label="moduleIdentity.authenticationType.ca.type"
            value="certificateAuthority"
          />
        </RadioGroup>
      </Field>
      <Checkbox
        checked={true}
        className="autoGenerateButton"
        label="moduleIdentity.authenticationType.symmetricKey.autoGenerate"
        onChange={[Function]}
      />
    </div>
  </div>
  <LiveRegion
    message=""
  />
</Fragment>
`;
