// Jest Snapshot v1, https://goo.gl/fbAQLP

exports[`AzureActiveDirectoryStateContextProvider matches snapshot 1`] = `
<ContextProvider
  value={
    [
      {
        "formState": "initialized",
        "iotHubKey": undefined,
        "iotHubs": [],
        "subscriptions": [],
        "token": undefined,
      },
      {
        "getIotHubKey": [Function],
        "getIotHubs": [Function],
        "getSubscriptions": [Function],
        "getToken": [Function],
        "login": [Function],
        "logout": [Function],
      },
    ]
  }
>
  <span>
    test
  </span>
</ContextProvider>
`;
