// Jest Snapshot v1, https://goo.gl/fbAQLP

exports[`DigitalTwinInterfacesList matches snapshot when empty model id is retrieved 1`] = `
<Fragment>
  <StyledCommandBarBase
    className="command"
    items={
      Array [
        Object {
          "ariaLabel": "deviceEvents.command.refresh",
          "disabled": false,
          "iconProps": Object {
            "iconName": "Refresh",
          },
          "key": "Refresh",
          "name": "deviceEvents.command.refresh",
          "onClick": [Function],
        },
      ]
    }
  />
  <Component
    headerText="digitalTwin.headerText"
    link="settings.questions.questions.documentation.link"
    tooltip="settings.questions.questions.documentation.text"
  />
  <section
    className="device-detail"
  >
    <span>
      digitalTwin.steps.zero
    </span>
    <StyledLinkBase
      href="settings.questions.questions.documentation.link"
      target="_blank"
    >
      settings.questions.questions.documentation.text
    </StyledLinkBase>
  </section>
</Fragment>
`;
