// Jest Snapshot v1, https://goo.gl/fbAQLP

exports[`pnp matches snapshot 1`] = `
<ContextProvider
  value={
    {
      "dispatch": [Function],
      "getModelDefinition": [Function],
      "pnpState": Immutable.Record {
        "modelDefinitionWithSource": {
          "payload": null,
          "synchronizationStatus": 2,
        },
        "twin": {
          "payload": null,
          "synchronizationStatus": 2,
        },
      },
    }
  }
>
  <Component>
    <Component
      element={<DigitalTwinInterfacesList />}
      path="/"
    />
    <Component
      element={
        <BreadcrumbRoute
          breadcrumb={
            {
              "name": null,
            }
          }
        >
          <DigitalTwinDetail />
        </BreadcrumbRoute>
      }
      path="ioTPlugAndPlayDetail/*"
    />
  </Component>
</ContextProvider>
`;
