// Jest Snapshot v1, https://goo.gl/fbAQLP

exports[`ConnectionSTringsEmpty matches snapshot 1`] = `
<div
  className="connection-strings-empty"
>
  <h3
    aria-level={1}
    role="heading"
  >
    connectionStrings.empty.header
  </h3>
  <div>
    <span>
      connectionStrings.empty.description
    </span>
    <NavLink
      activeClassName="active"
      aria-current="page"
      className="embedded-link"
      to="/"
    >
      Home.
    </NavLink>
  </div>
  <h3
    aria-level={1}
    role="heading"
  >
    settings.questions.headerText
  </h3>
  <StyledLinkBase
    href="connectivityPane.connectionStringComboBox.link"
    target="_blank"
  >
    connectivityPane.connectionStringComboBox.linkText
  </StyledLinkBase>
</div>
`;
