// Jest Snapshot v1, https://goo.gl/fbAQLP

exports[`Command matches snapshot 1`] = `
<CommandBarV9
  className="command"
  items={
    [
      {
        "ariaLabel": "deviceEvents.command.refresh",
        "disabled": true,
        "icon": <ArrowSyncRegular />,
        "key": "Refresh",
        "name": "deviceEvents.command.refresh",
        "onClick": [Function],
      },
    ]
  }
/>
`;
