// Jest Snapshot v1, https://goo.gl/fbAQLP

exports[`components/devices/deviceSettingsPerInterface matches snapshot 1`] = `
<div
  className="pnp-detail-list pnp-properties scrollable-lg"
>
  <ResizableDetailsList
    ariaLabelForSelectAllCheckbox="deviceSettings.columns.selectAll"
    ariaLabelForSelectionColumn="deviceSettings.columns.toggleSelection"
    checkButtonAriaLabel="deviceSettings.columns.rowCheckBoxAriaLabel"
    columns={
      Array [
        Object {
          "isMultiline": true,
          "key": "name",
          "minWidth": 200,
          "name": "deviceSettings.columns.name",
        },
        Object {
          "isMultiline": true,
          "key": "schema",
          "minWidth": 100,
          "name": "deviceSettings.columns.schema",
        },
        Object {
          "isMultiline": true,
          "key": "unit",
          "minWidth": 100,
          "name": "deviceSettings.columns.unit",
        },
        Object {
          "isMultiline": true,
          "key": "desiredValue",
          "minWidth": 500,
          "name": "deviceSettings.columns.desiredValue",
        },
        Object {
          "isMultiline": true,
          "key": "reportedValue",
          "minWidth": 500,
          "name": "deviceSettings.columns.reportedValue",
        },
      ]
    }
    items={
      Array [
        Object {
          "desiredValue": 456,
          "reportedSection": Object {
            "ac": 200,
            "ad": "success",
            "av": 2,
            "value": 123,
          },
          "settingModelDefinition": Object {
            "@type": "Property",
            "description": "The brightness level for the light on the device. Can be specified as 1 (high), 2 (medium), 3 (low)",
            "displayName": "Brightness Level",
            "name": "brightness",
            "schema": "long",
            "writable": true,
          },
          "settingSchema": Object {
            "definitions": Object {},
            "required": Array [],
            "title": "brightness",
            "type": Array [
              "number",
              "null",
            ],
          },
        },
        Object {
          "desiredValue": 456,
          "reportedSection": Object {
            "ac": 200,
            "ad": "success",
            "av": 2,
            "value": 123,
          },
          "settingModelDefinition": Object {
            "@type": Array [
              "Property",
              "SemanticType/Brightness Level",
            ],
            "description": "The brightness level for the light on the device. Can be specified as 1 (high), 2 (medium), 3 (low)",
            "displayName": "Brightness Level",
            "name": "brightness",
            "schema": "long",
            "writable": true,
          },
          "settingSchema": Object {
            "definitions": Object {},
            "required": Array [],
            "title": "brightness",
            "type": Array [
              "number",
              "null",
            ],
          },
        },
      ]
    }
    onRenderItemColumn={[Function]}
  />
</div>
`;
