// Jest Snapshot v1, https://goo.gl/fbAQLP

exports[`deviceSettings matches snapshot with one twinWithSchema 1`] = `
<Fragment>
  <StyledCommandBarBase
    className="command"
    farItems={
      [
        {
          "ariaLabel": "deviceSettings.command.close",
          "iconProps": {
            "iconName": "NavigateBack",
          },
          "key": "NavigateBack",
          "name": "deviceSettings.command.close",
          "onClick": [Function],
        },
      ]
    }
    items={
      [
        {
          "ariaLabel": "deviceSettings.command.refresh",
          "iconProps": {
            "iconName": "Refresh",
          },
          "key": "Refresh",
          "name": "deviceSettings.command.refresh",
          "onClick": [Function],
        },
      ]
    }
  />
  <DeviceSettingsPerInterface
    componentName="foo"
    deviceId={null}
    interfaceId="urn:contoso:com:EnvironmentalSensor;1"
    moduleId={null}
    patchTwin={[Function]}
    twinWithSchema={
      [
        {
          "desiredValue": undefined,
          "reportedSection": undefined,
          "settingModelDefinition": {
            "@type": "Property",
            "description": "The brightness level for the light on the device. Can be specified as 1 (high), 2 (medium), 3 (low)",
            "displayName": "Brightness Level",
            "name": "brightness",
            "schema": "long",
            "writable": true,
          },
          "settingSchema": {
            "definitions": {},
            "required": [],
            "title": "brightness",
            "type": [
              "number",
              "null",
            ],
          },
        },
        {
          "desiredValue": undefined,
          "reportedSection": undefined,
          "settingModelDefinition": {
            "@type": [
              "Property",
              "SemanticType/Brightness Level",
            ],
            "description": "The brightness level for the light on the device. Can be specified as 1 (high), 2 (medium), 3 (low)",
            "displayName": "Brightness Level",
            "name": "brightness",
            "schema": "long",
            "writable": true,
          },
          "settingSchema": {
            "definitions": {},
            "required": [],
            "title": "brightness",
            "type": [
              "number",
              "null",
            ],
          },
        },
      ]
    }
  />
</Fragment>
`;
