// Jest Snapshot v1, https://goo.gl/fbAQLP

exports[`confirmationDialog matches snapshot 1`] = `
<StyledWithResponsiveMode
  dialogContentProps={
    Object {
      "subText": "messageKey",
      "title": "common.confirmationDialog.title",
      "type": 0,
    }
  }
  hidden={false}
  modalProps={
    Object {
      "isBlocking": false,
    }
  }
  onDismiss={[MockFunction]}
>
  <StyledDialogFooterBase>
    <CustomizedPrimaryButton
      onClick={[MockFunction]}
      text="common.confirmationDialog.yes"
    />
    <CustomizedDefaultButton
      onClick={[MockFunction]}
      text="common.confirmationDialog.no"
    />
  </StyledDialogFooterBase>
</StyledWithResponsiveMode>
`;
