// Jest Snapshot v1, https://goo.gl/fbAQLP

exports[`settingsPane matches snapshot 1`] = `
<Fragment>
  <Button
    appearance="transparent"
    aria-label="header.settings.launch"
    icon={<SettingsRegular />}
    onClick={[Function]}
  >
    header.settings.launch
  </Button>
  <OverlayDrawer
    className="headerPane"
    onOpenChange={[Function]}
    open={false}
    position="end"
    size="small"
  >
    <DrawerHeader>
      <DrawerHeaderTitle
        action={
          <Button
            appearance="subtle"
            aria-label="common.close"
            icon={<DismissRegular />}
            onClick={[Function]}
          />
        }
      >
        settings.headerText
      </DrawerHeaderTitle>
    </DrawerHeader>
    <DrawerBody>
      <section
        aria-label="settings.configuration.headerText"
      >
        <h3
          aria-level={1}
          role="heading"
        >
          settings.configuration.headerText
        </h3>
        <span>
          settings.configuration.redirect
        </span>
        <Link
          className="home-link"
          href="#/home"
          onClick={[Function]}
        >
          settings.configuration.redirectLink
        </Link>
      </section>
      <section
        aria-label="settings.modelDefinitions.headerText"
      >
        <h3
          aria-level={1}
          role="heading"
        >
          settings.modelDefinitions.headerText
        </h3>
        <span>
          settings.modelDefinitions.redirect
        </span>
        <Link
          className="home-link"
          href="#/home/repos?from"
          onClick={[Function]}
        >
          settings.modelDefinitions.redirectLink
        </Link>
      </section>
      <section
        aria-label="settings.theme.headerText"
      >
        <h3
          aria-level={1}
          role="heading"
        >
          settings.theme.headerText
        </h3>
        <Switch
          checked={false}
          onChange={[Function]}
        />
      </section>
    </DrawerBody>
    <DrawerFooter>
      <Button
        onClick={[Function]}
      >
        common.close
      </Button>
    </DrawerFooter>
  </OverlayDrawer>
</Fragment>
`;
