// Jest Snapshot v1, https://goo.gl/fbAQLP

exports[`ListItemLocal matches snapshot for local folder 1`] = `
<Fragment>
  <ListItemLocalLabel
    repoType="LOCAL"
  />
  <Field
    label="modelRepository.types.local.textBoxLabel"
    validationState="none"
  >
    <Input
      aria-label="modelRepository.types.local.textBoxLabel"
      className="local-folder-textbox"
      onChange={[Function]}
      readOnly={false}
      value="c:/models"
    />
  </Field>
  <div
    style={
      {
        "marginTop": 10,
        "overflow": "hidden",
      }
    }
  >
    <Button
      aria-label="modelRepository.types.local.folderPicker.command.openPicker"
      className="local-folder-launch"
      onClick={[Function]}
    >
      modelRepository.types.local.folderPicker.command.openPicker
    </Button>
  </div>
  <Dialog
    onOpenChange={[Function]}
    open={false}
  >
    <DialogSurface>
      <DialogBody>
        <DialogTitle>
          modelRepository.types.local.folderPicker.dialog.title
        </DialogTitle>
        <DialogContent>
          <div>
            modelRepository.types.local.folderPicker.dialog.subText
          </div>
          <div
            className="folder-links"
          >
            <Button
              aria-label="modelRepository.types.local.folderPicker.command.navigateToParent"
              className="folder-button"
              disabled={false}
              icon={<ArrowLeftRegular />}
              onClick={[Function]}
            >
              modelRepository.types.local.folderPicker.command.navigateToParent
            </Button>
            <div
              className="no-folders-text"
            >
              modelRepository.types.local.folderPicker.dialog.noFolderFoundText
            </div>
          </div>
        </DialogContent>
        <DialogActions>
          <Button
            appearance="primary"
            disabled={false}
            onClick={[Function]}
          >
            modelRepository.types.local.folderPicker.command.select
          </Button>
          <Button
            onClick={[Function]}
          >
            modelRepository.types.local.folderPicker.command.cancel
          </Button>
        </DialogActions>
      </DialogBody>
    </DialogSurface>
  </Dialog>
</Fragment>
`;
