// Jest Snapshot v1, https://goo.gl/fbAQLP

exports[`ListItemConfigurableRepo matches snapshot 1`] = `
<Fragment>
  <div
    className="labelSection"
  >
    <div
      className="label"
    >
      modelRepository.types.configurable.label
    </div>
    <div
      className="description"
    >
      modelRepository.types.configurable.infoText
    </div>
    <StyledMessageBar
      messageBarType={5}
    >
      modelRepository.types.configurable.warning
    </StyledMessageBar>
  </div>
</Fragment>
`;
