// Jest Snapshot v1, https://goo.gl/fbAQLP

exports[`ModelRepositoryInstruction matches snapshot 1`] = `
<div
  className="model-repository-empty"
>
  <h3
    aria-level={1}
    role="heading"
  >
    modelRepository.empty.header
  </h3>
  <div>
    <span>
      modelRepository.empty.description
    </span>
    <NavLink
      activeClassName="active"
      aria-current="page"
      className="embedded-link"
      to="/home/repos"
    >
      Home.
    </NavLink>
  </div>
  <h3
    aria-level={1}
    role="heading"
  >
    settings.questions.headerText
  </h3>
  <StyledLinkBase
    href="settings.questions.questions.documentation.link"
    target="_blank"
  >
    modelRepository.empty.help
  </StyledLinkBase>
</div>
`;

exports[`ModelRepositoryInstruction matches snapshot 2`] = `
<div
  className="model-repository-instruction"
>
  modelRepository.instruction
</div>
`;
