// Jest Snapshot v1, https://goo.gl/fbAQLP

exports[`components/devices/deviceInterfaces shows Shimmer when status is working 1`] = `<Component />`;

exports[`components/devices/deviceInterfaces shows interface information when status is failed 1`] = `
<Fragment>
  <StyledCommandBarBase
    className="command"
    items={
      Array [
        Object {
          "ariaLabel": "deviceInterfaces.command.refresh",
          "iconProps": Object {
            "iconName": "Refresh",
          },
          "key": "Refresh",
          "name": "deviceProperties.command.refresh",
          "onClick": [Function],
        },
      ]
    }
  />
  <Stack
    horizontal={true}
  >
    <StackItem
      align="start"
    >
      <h3>
         
        deviceInterfaces.headerText
      </h3>
    </StackItem>
  </Stack>
  <Connect(InterfaceNotFoundMessageBox) />
</Fragment>
`;

exports[`components/devices/deviceInterfaces shows interface information when status is fetched 1`] = `
<Fragment>
  <StyledCommandBarBase
    className="command"
    items={
      Array [
        Object {
          "ariaLabel": "deviceInterfaces.command.refresh",
          "iconProps": Object {
            "iconName": "Refresh",
          },
          "key": "Refresh",
          "name": "deviceProperties.command.refresh",
          "onClick": [Function],
        },
      ]
    }
  />
  <Stack
    horizontal={true}
  >
    <StackItem
      align="start"
    >
      <h3>
         
        deviceInterfaces.headerText
      </h3>
    </StackItem>
  </Stack>
  <ErrorBoundary
    error="errorBoundary.text"
  >
    <section
      className="pnp-interface-info"
    >
      <StyledLabelBase
        className="source"
      >
         
        deviceInterfaces.columns.source
        : 
        settings.modelDefinitions.repositoryTypes.public.label
      </StyledLabelBase>
      <CustomizedActionButton
        className="configure-button"
        onClick={[Function]}
      >
        deviceInterfaces.command.configure
      </CustomizedActionButton>
      <Connect(MaskedCopyableTextField)
        allowMask={false}
        ariaLabel="deviceInterfaces.columns.id"
        label="deviceInterfaces.columns.id"
        readOnly={true}
        t={
          [MockFunction] {
            "calls": Array [
              Array [
                "deviceInterfaces.command.refresh",
              ],
              Array [
                "deviceProperties.command.refresh",
              ],
              Array [
                "deviceInterfaces.headerText",
              ],
              Array [
                "errorBoundary.text",
              ],
              Array [
                "settings.modelDefinitions.repositoryTypes.public.label",
              ],
              Array [
                "deviceInterfaces.columns.source",
              ],
              Array [
                "deviceInterfaces.command.configure",
              ],
              Array [
                "deviceInterfaces.columns.id",
              ],
              Array [
                "deviceInterfaces.columns.id",
              ],
              Array [
                "deviceInterfaces.columns.displayName",
              ],
              Array [
                "deviceInterfaces.columns.displayName",
              ],
              Array [
                "deviceInterfaces.columns.description",
              ],
              Array [
                "deviceInterfaces.columns.description",
              ],
            ],
            "results": Array [
              Object {
                "type": "return",
                "value": "deviceInterfaces.command.refresh",
              },
              Object {
                "type": "return",
                "value": "deviceProperties.command.refresh",
              },
              Object {
                "type": "return",
                "value": "deviceInterfaces.headerText",
              },
              Object {
                "type": "return",
                "value": "errorBoundary.text",
              },
              Object {
                "type": "return",
                "value": "settings.modelDefinitions.repositoryTypes.public.label",
              },
              Object {
                "type": "return",
                "value": "deviceInterfaces.columns.source",
              },
              Object {
                "type": "return",
                "value": "deviceInterfaces.command.configure",
              },
              Object {
                "type": "return",
                "value": "deviceInterfaces.columns.id",
              },
              Object {
                "type": "return",
                "value": "deviceInterfaces.columns.id",
              },
              Object {
                "type": "return",
                "value": "deviceInterfaces.columns.displayName",
              },
              Object {
                "type": "return",
                "value": "deviceInterfaces.columns.displayName",
              },
              Object {
                "type": "return",
                "value": "deviceInterfaces.columns.description",
              },
              Object {
                "type": "return",
                "value": "deviceInterfaces.columns.description",
              },
            ],
          }
        }
        value={null}
      />
      <Connect(MaskedCopyableTextField)
        allowMask={false}
        ariaLabel="deviceInterfaces.columns.displayName"
        label="deviceInterfaces.columns.displayName"
        readOnly={true}
        t={
          [MockFunction] {
            "calls": Array [
              Array [
                "deviceInterfaces.command.refresh",
              ],
              Array [
                "deviceProperties.command.refresh",
              ],
              Array [
                "deviceInterfaces.headerText",
              ],
              Array [
                "errorBoundary.text",
              ],
              Array [
                "settings.modelDefinitions.repositoryTypes.public.label",
              ],
              Array [
                "deviceInterfaces.columns.source",
              ],
              Array [
                "deviceInterfaces.command.configure",
              ],
              Array [
                "deviceInterfaces.columns.id",
              ],
              Array [
                "deviceInterfaces.columns.id",
              ],
              Array [
                "deviceInterfaces.columns.displayName",
              ],
              Array [
                "deviceInterfaces.columns.displayName",
              ],
              Array [
                "deviceInterfaces.columns.description",
              ],
              Array [
                "deviceInterfaces.columns.description",
              ],
            ],
            "results": Array [
              Object {
                "type": "return",
                "value": "deviceInterfaces.command.refresh",
              },
              Object {
                "type": "return",
                "value": "deviceProperties.command.refresh",
              },
              Object {
                "type": "return",
                "value": "deviceInterfaces.headerText",
              },
              Object {
                "type": "return",
                "value": "errorBoundary.text",
              },
              Object {
                "type": "return",
                "value": "settings.modelDefinitions.repositoryTypes.public.label",
              },
              Object {
                "type": "return",
                "value": "deviceInterfaces.columns.source",
              },
              Object {
                "type": "return",
                "value": "deviceInterfaces.command.configure",
              },
              Object {
                "type": "return",
                "value": "deviceInterfaces.columns.id",
              },
              Object {
                "type": "return",
                "value": "deviceInterfaces.columns.id",
              },
              Object {
                "type": "return",
                "value": "deviceInterfaces.columns.displayName",
              },
              Object {
                "type": "return",
                "value": "deviceInterfaces.columns.displayName",
              },
              Object {
                "type": "return",
                "value": "deviceInterfaces.columns.description",
              },
              Object {
                "type": "return",
                "value": "deviceInterfaces.columns.description",
              },
            ],
          }
        }
        value="--"
      />
      <Connect(MaskedCopyableTextField)
        allowMask={false}
        ariaLabel="deviceInterfaces.columns.description"
        label="deviceInterfaces.columns.description"
        readOnly={true}
        t={
          [MockFunction] {
            "calls": Array [
              Array [
                "deviceInterfaces.command.refresh",
              ],
              Array [
                "deviceProperties.command.refresh",
              ],
              Array [
                "deviceInterfaces.headerText",
              ],
              Array [
                "errorBoundary.text",
              ],
              Array [
                "settings.modelDefinitions.repositoryTypes.public.label",
              ],
              Array [
                "deviceInterfaces.columns.source",
              ],
              Array [
                "deviceInterfaces.command.configure",
              ],
              Array [
                "deviceInterfaces.columns.id",
              ],
              Array [
                "deviceInterfaces.columns.id",
              ],
              Array [
                "deviceInterfaces.columns.displayName",
              ],
              Array [
                "deviceInterfaces.columns.displayName",
              ],
              Array [
                "deviceInterfaces.columns.description",
              ],
              Array [
                "deviceInterfaces.columns.description",
              ],
            ],
            "results": Array [
              Object {
                "type": "return",
                "value": "deviceInterfaces.command.refresh",
              },
              Object {
                "type": "return",
                "value": "deviceProperties.command.refresh",
              },
              Object {
                "type": "return",
                "value": "deviceInterfaces.headerText",
              },
              Object {
                "type": "return",
                "value": "errorBoundary.text",
              },
              Object {
                "type": "return",
                "value": "settings.modelDefinitions.repositoryTypes.public.label",
              },
              Object {
                "type": "return",
                "value": "deviceInterfaces.columns.source",
              },
              Object {
                "type": "return",
                "value": "deviceInterfaces.command.configure",
              },
              Object {
                "type": "return",
                "value": "deviceInterfaces.columns.id",
              },
              Object {
                "type": "return",
                "value": "deviceInterfaces.columns.id",
              },
              Object {
                "type": "return",
                "value": "deviceInterfaces.columns.displayName",
              },
              Object {
                "type": "return",
                "value": "deviceInterfaces.columns.displayName",
              },
              Object {
                "type": "return",
                "value": "deviceInterfaces.columns.description",
              },
              Object {
                "type": "return",
                "value": "deviceInterfaces.columns.description",
              },
            ],
          }
        }
        value="--"
      />
      <article
        className="interface-definition"
      >
        <div
          className="monaco-editor"
        >
          <Suspense
            fallback={
              <StyledSpinnerBase
                size={3}
                title="loading"
              />
            }
          >
            <ContextConsumer>
              <Component />
            </ContextConsumer>
          </Suspense>
        </div>
      </article>
    </section>
  </ErrorBoundary>
</Fragment>
`;

exports[`components/devices/deviceInterfaces shows interface information when status is fetched 2`] = `
<Fragment>
  <StyledCommandBarBase
    className="command"
    items={
      Array [
        Object {
          "ariaLabel": "deviceInterfaces.command.refresh",
          "iconProps": Object {
            "iconName": "Refresh",
          },
          "key": "Refresh",
          "name": "deviceProperties.command.refresh",
          "onClick": [Function],
        },
      ]
    }
  />
  <Stack
    horizontal={true}
  >
    <StackItem
      align="start"
    >
      <h3>
         
        deviceInterfaces.headerText
      </h3>
    </StackItem>
  </Stack>
  <ErrorBoundary
    error="errorBoundary.text"
  >
    <section
      className="pnp-interface-info"
    >
      <StyledLabelBase
        className="source"
      >
         
        deviceInterfaces.columns.source
        : 
        settings.modelDefinitions.repositoryTypes.private.label
      </StyledLabelBase>
      <CustomizedActionButton
        className="configure-button"
        onClick={[Function]}
      >
        deviceInterfaces.command.configure
      </CustomizedActionButton>
      <Connect(MaskedCopyableTextField)
        allowMask={false}
        ariaLabel="deviceInterfaces.columns.id"
        label="deviceInterfaces.columns.id"
        readOnly={true}
        t={
          [MockFunction] {
            "calls": Array [
              Array [
                "deviceInterfaces.command.refresh",
              ],
              Array [
                "deviceProperties.command.refresh",
              ],
              Array [
                "deviceInterfaces.headerText",
              ],
              Array [
                "errorBoundary.text",
              ],
              Array [
                "settings.modelDefinitions.repositoryTypes.private.label",
              ],
              Array [
                "deviceInterfaces.columns.source",
              ],
              Array [
                "deviceInterfaces.command.configure",
              ],
              Array [
                "deviceInterfaces.columns.id",
              ],
              Array [
                "deviceInterfaces.columns.id",
              ],
              Array [
                "deviceInterfaces.columns.displayName",
              ],
              Array [
                "deviceInterfaces.columns.displayName",
              ],
              Array [
                "deviceInterfaces.columns.description",
              ],
              Array [
                "deviceInterfaces.columns.description",
              ],
            ],
            "results": Array [
              Object {
                "type": "return",
                "value": "deviceInterfaces.command.refresh",
              },
              Object {
                "type": "return",
                "value": "deviceProperties.command.refresh",
              },
              Object {
                "type": "return",
                "value": "deviceInterfaces.headerText",
              },
              Object {
                "type": "return",
                "value": "errorBoundary.text",
              },
              Object {
                "type": "return",
                "value": "settings.modelDefinitions.repositoryTypes.private.label",
              },
              Object {
                "type": "return",
                "value": "deviceInterfaces.columns.source",
              },
              Object {
                "type": "return",
                "value": "deviceInterfaces.command.configure",
              },
              Object {
                "type": "return",
                "value": "deviceInterfaces.columns.id",
              },
              Object {
                "type": "return",
                "value": "deviceInterfaces.columns.id",
              },
              Object {
                "type": "return",
                "value": "deviceInterfaces.columns.displayName",
              },
              Object {
                "type": "return",
                "value": "deviceInterfaces.columns.displayName",
              },
              Object {
                "type": "return",
                "value": "deviceInterfaces.columns.description",
              },
              Object {
                "type": "return",
                "value": "deviceInterfaces.columns.description",
              },
            ],
          }
        }
        value={null}
      />
      <Connect(MaskedCopyableTextField)
        allowMask={false}
        ariaLabel="deviceInterfaces.columns.displayName"
        label="deviceInterfaces.columns.displayName"
        readOnly={true}
        t={
          [MockFunction] {
            "calls": Array [
              Array [
                "deviceInterfaces.command.refresh",
              ],
              Array [
                "deviceProperties.command.refresh",
              ],
              Array [
                "deviceInterfaces.headerText",
              ],
              Array [
                "errorBoundary.text",
              ],
              Array [
                "settings.modelDefinitions.repositoryTypes.private.label",
              ],
              Array [
                "deviceInterfaces.columns.source",
              ],
              Array [
                "deviceInterfaces.command.configure",
              ],
              Array [
                "deviceInterfaces.columns.id",
              ],
              Array [
                "deviceInterfaces.columns.id",
              ],
              Array [
                "deviceInterfaces.columns.displayName",
              ],
              Array [
                "deviceInterfaces.columns.displayName",
              ],
              Array [
                "deviceInterfaces.columns.description",
              ],
              Array [
                "deviceInterfaces.columns.description",
              ],
            ],
            "results": Array [
              Object {
                "type": "return",
                "value": "deviceInterfaces.command.refresh",
              },
              Object {
                "type": "return",
                "value": "deviceProperties.command.refresh",
              },
              Object {
                "type": "return",
                "value": "deviceInterfaces.headerText",
              },
              Object {
                "type": "return",
                "value": "errorBoundary.text",
              },
              Object {
                "type": "return",
                "value": "settings.modelDefinitions.repositoryTypes.private.label",
              },
              Object {
                "type": "return",
                "value": "deviceInterfaces.columns.source",
              },
              Object {
                "type": "return",
                "value": "deviceInterfaces.command.configure",
              },
              Object {
                "type": "return",
                "value": "deviceInterfaces.columns.id",
              },
              Object {
                "type": "return",
                "value": "deviceInterfaces.columns.id",
              },
              Object {
                "type": "return",
                "value": "deviceInterfaces.columns.displayName",
              },
              Object {
                "type": "return",
                "value": "deviceInterfaces.columns.displayName",
              },
              Object {
                "type": "return",
                "value": "deviceInterfaces.columns.description",
              },
              Object {
                "type": "return",
                "value": "deviceInterfaces.columns.description",
              },
            ],
          }
        }
        value="--"
      />
      <Connect(MaskedCopyableTextField)
        allowMask={false}
        ariaLabel="deviceInterfaces.columns.description"
        label="deviceInterfaces.columns.description"
        readOnly={true}
        t={
          [MockFunction] {
            "calls": Array [
              Array [
                "deviceInterfaces.command.refresh",
              ],
              Array [
                "deviceProperties.command.refresh",
              ],
              Array [
                "deviceInterfaces.headerText",
              ],
              Array [
                "errorBoundary.text",
              ],
              Array [
                "settings.modelDefinitions.repositoryTypes.private.label",
              ],
              Array [
                "deviceInterfaces.columns.source",
              ],
              Array [
                "deviceInterfaces.command.configure",
              ],
              Array [
                "deviceInterfaces.columns.id",
              ],
              Array [
                "deviceInterfaces.columns.id",
              ],
              Array [
                "deviceInterfaces.columns.displayName",
              ],
              Array [
                "deviceInterfaces.columns.displayName",
              ],
              Array [
                "deviceInterfaces.columns.description",
              ],
              Array [
                "deviceInterfaces.columns.description",
              ],
            ],
            "results": Array [
              Object {
                "type": "return",
                "value": "deviceInterfaces.command.refresh",
              },
              Object {
                "type": "return",
                "value": "deviceProperties.command.refresh",
              },
              Object {
                "type": "return",
                "value": "deviceInterfaces.headerText",
              },
              Object {
                "type": "return",
                "value": "errorBoundary.text",
              },
              Object {
                "type": "return",
                "value": "settings.modelDefinitions.repositoryTypes.private.label",
              },
              Object {
                "type": "return",
                "value": "deviceInterfaces.columns.source",
              },
              Object {
                "type": "return",
                "value": "deviceInterfaces.command.configure",
              },
              Object {
                "type": "return",
                "value": "deviceInterfaces.columns.id",
              },
              Object {
                "type": "return",
                "value": "deviceInterfaces.columns.id",
              },
              Object {
                "type": "return",
                "value": "deviceInterfaces.columns.displayName",
              },
              Object {
                "type": "return",
                "value": "deviceInterfaces.columns.displayName",
              },
              Object {
                "type": "return",
                "value": "deviceInterfaces.columns.description",
              },
              Object {
                "type": "return",
                "value": "deviceInterfaces.columns.description",
              },
            ],
          }
        }
        value="--"
      />
      <article
        className="interface-definition"
      >
        <div
          className="monaco-editor"
        >
          <Suspense
            fallback={
              <StyledSpinnerBase
                size={3}
                title="loading"
              />
            }
          >
            <ContextConsumer>
              <Component />
            </ContextConsumer>
          </Suspense>
        </div>
      </article>
    </section>
  </ErrorBoundary>
</Fragment>
`;

exports[`components/devices/deviceInterfaces shows interface information when status is fetched 3`] = `
<Fragment>
  <StyledCommandBarBase
    className="command"
    items={
      Array [
        Object {
          "ariaLabel": "deviceInterfaces.command.refresh",
          "iconProps": Object {
            "iconName": "Refresh",
          },
          "key": "Refresh",
          "name": "deviceProperties.command.refresh",
          "onClick": [Function],
        },
      ]
    }
  />
  <Stack
    horizontal={true}
  >
    <StackItem
      align="start"
    >
      <h3>
         
        deviceInterfaces.headerText
      </h3>
    </StackItem>
  </Stack>
  <ErrorBoundary
    error="errorBoundary.text"
  >
    <section
      className="pnp-interface-info"
    >
      <StyledLabelBase
        className="source"
      >
         
        deviceInterfaces.columns.source
        : 
        settings.modelDefinitions.repositoryTypes.device.label
      </StyledLabelBase>
      <CustomizedActionButton
        className="configure-button"
        onClick={[Function]}
      >
        deviceInterfaces.command.configure
      </CustomizedActionButton>
      <Connect(MaskedCopyableTextField)
        allowMask={false}
        ariaLabel="deviceInterfaces.columns.id"
        label="deviceInterfaces.columns.id"
        readOnly={true}
        t={
          [MockFunction] {
            "calls": Array [
              Array [
                "deviceInterfaces.command.refresh",
              ],
              Array [
                "deviceProperties.command.refresh",
              ],
              Array [
                "deviceInterfaces.headerText",
              ],
              Array [
                "errorBoundary.text",
              ],
              Array [
                "settings.modelDefinitions.repositoryTypes.device.label",
              ],
              Array [
                "deviceInterfaces.columns.source",
              ],
              Array [
                "deviceInterfaces.command.configure",
              ],
              Array [
                "deviceInterfaces.columns.id",
              ],
              Array [
                "deviceInterfaces.columns.id",
              ],
              Array [
                "deviceInterfaces.columns.displayName",
              ],
              Array [
                "deviceInterfaces.columns.displayName",
              ],
              Array [
                "deviceInterfaces.columns.description",
              ],
              Array [
                "deviceInterfaces.columns.description",
              ],
            ],
            "results": Array [
              Object {
                "type": "return",
                "value": "deviceInterfaces.command.refresh",
              },
              Object {
                "type": "return",
                "value": "deviceProperties.command.refresh",
              },
              Object {
                "type": "return",
                "value": "deviceInterfaces.headerText",
              },
              Object {
                "type": "return",
                "value": "errorBoundary.text",
              },
              Object {
                "type": "return",
                "value": "settings.modelDefinitions.repositoryTypes.device.label",
              },
              Object {
                "type": "return",
                "value": "deviceInterfaces.columns.source",
              },
              Object {
                "type": "return",
                "value": "deviceInterfaces.command.configure",
              },
              Object {
                "type": "return",
                "value": "deviceInterfaces.columns.id",
              },
              Object {
                "type": "return",
                "value": "deviceInterfaces.columns.id",
              },
              Object {
                "type": "return",
                "value": "deviceInterfaces.columns.displayName",
              },
              Object {
                "type": "return",
                "value": "deviceInterfaces.columns.displayName",
              },
              Object {
                "type": "return",
                "value": "deviceInterfaces.columns.description",
              },
              Object {
                "type": "return",
                "value": "deviceInterfaces.columns.description",
              },
            ],
          }
        }
        value={null}
      />
      <Connect(MaskedCopyableTextField)
        allowMask={false}
        ariaLabel="deviceInterfaces.columns.displayName"
        label="deviceInterfaces.columns.displayName"
        readOnly={true}
        t={
          [MockFunction] {
            "calls": Array [
              Array [
                "deviceInterfaces.command.refresh",
              ],
              Array [
                "deviceProperties.command.refresh",
              ],
              Array [
                "deviceInterfaces.headerText",
              ],
              Array [
                "errorBoundary.text",
              ],
              Array [
                "settings.modelDefinitions.repositoryTypes.device.label",
              ],
              Array [
                "deviceInterfaces.columns.source",
              ],
              Array [
                "deviceInterfaces.command.configure",
              ],
              Array [
                "deviceInterfaces.columns.id",
              ],
              Array [
                "deviceInterfaces.columns.id",
              ],
              Array [
                "deviceInterfaces.columns.displayName",
              ],
              Array [
                "deviceInterfaces.columns.displayName",
              ],
              Array [
                "deviceInterfaces.columns.description",
              ],
              Array [
                "deviceInterfaces.columns.description",
              ],
            ],
            "results": Array [
              Object {
                "type": "return",
                "value": "deviceInterfaces.command.refresh",
              },
              Object {
                "type": "return",
                "value": "deviceProperties.command.refresh",
              },
              Object {
                "type": "return",
                "value": "deviceInterfaces.headerText",
              },
              Object {
                "type": "return",
                "value": "errorBoundary.text",
              },
              Object {
                "type": "return",
                "value": "settings.modelDefinitions.repositoryTypes.device.label",
              },
              Object {
                "type": "return",
                "value": "deviceInterfaces.columns.source",
              },
              Object {
                "type": "return",
                "value": "deviceInterfaces.command.configure",
              },
              Object {
                "type": "return",
                "value": "deviceInterfaces.columns.id",
              },
              Object {
                "type": "return",
                "value": "deviceInterfaces.columns.id",
              },
              Object {
                "type": "return",
                "value": "deviceInterfaces.columns.displayName",
              },
              Object {
                "type": "return",
                "value": "deviceInterfaces.columns.displayName",
              },
              Object {
                "type": "return",
                "value": "deviceInterfaces.columns.description",
              },
              Object {
                "type": "return",
                "value": "deviceInterfaces.columns.description",
              },
            ],
          }
        }
        value="--"
      />
      <Connect(MaskedCopyableTextField)
        allowMask={false}
        ariaLabel="deviceInterfaces.columns.description"
        label="deviceInterfaces.columns.description"
        readOnly={true}
        t={
          [MockFunction] {
            "calls": Array [
              Array [
                "deviceInterfaces.command.refresh",
              ],
              Array [
                "deviceProperties.command.refresh",
              ],
              Array [
                "deviceInterfaces.headerText",
              ],
              Array [
                "errorBoundary.text",
              ],
              Array [
                "settings.modelDefinitions.repositoryTypes.device.label",
              ],
              Array [
                "deviceInterfaces.columns.source",
              ],
              Array [
                "deviceInterfaces.command.configure",
              ],
              Array [
                "deviceInterfaces.columns.id",
              ],
              Array [
                "deviceInterfaces.columns.id",
              ],
              Array [
                "deviceInterfaces.columns.displayName",
              ],
              Array [
                "deviceInterfaces.columns.displayName",
              ],
              Array [
                "deviceInterfaces.columns.description",
              ],
              Array [
                "deviceInterfaces.columns.description",
              ],
            ],
            "results": Array [
              Object {
                "type": "return",
                "value": "deviceInterfaces.command.refresh",
              },
              Object {
                "type": "return",
                "value": "deviceProperties.command.refresh",
              },
              Object {
                "type": "return",
                "value": "deviceInterfaces.headerText",
              },
              Object {
                "type": "return",
                "value": "errorBoundary.text",
              },
              Object {
                "type": "return",
                "value": "settings.modelDefinitions.repositoryTypes.device.label",
              },
              Object {
                "type": "return",
                "value": "deviceInterfaces.columns.source",
              },
              Object {
                "type": "return",
                "value": "deviceInterfaces.command.configure",
              },
              Object {
                "type": "return",
                "value": "deviceInterfaces.columns.id",
              },
              Object {
                "type": "return",
                "value": "deviceInterfaces.columns.id",
              },
              Object {
                "type": "return",
                "value": "deviceInterfaces.columns.displayName",
              },
              Object {
                "type": "return",
                "value": "deviceInterfaces.columns.displayName",
              },
              Object {
                "type": "return",
                "value": "deviceInterfaces.columns.description",
              },
              Object {
                "type": "return",
                "value": "deviceInterfaces.columns.description",
              },
            ],
          }
        }
        value="--"
      />
      <article
        className="interface-definition"
      >
        <div
          className="monaco-editor"
        >
          <Suspense
            fallback={
              <StyledSpinnerBase
                size={3}
                title="loading"
              />
            }
          >
            <ContextConsumer>
              <Component />
            </ContextConsumer>
          </Suspense>
        </div>
      </article>
    </section>
  </ErrorBoundary>
</Fragment>
`;

exports[`components/devices/deviceInterfaces shows interface information when status is fetched 4`] = `
<Fragment>
  <StyledCommandBarBase
    className="command"
    items={
      Array [
        Object {
          "ariaLabel": "deviceInterfaces.command.refresh",
          "iconProps": Object {
            "iconName": "Refresh",
          },
          "key": "Refresh",
          "name": "deviceProperties.command.refresh",
          "onClick": [Function],
        },
      ]
    }
  />
  <Stack
    horizontal={true}
  >
    <StackItem
      align="start"
    >
      <h3>
         
        deviceInterfaces.headerText
      </h3>
    </StackItem>
  </Stack>
  <ErrorBoundary
    error="errorBoundary.text"
  >
    <section
      className="pnp-interface-info"
    >
      <StyledLabelBase
        className="source"
      >
         
        deviceInterfaces.columns.source
        : 
        --
      </StyledLabelBase>
      <CustomizedActionButton
        className="configure-button"
        onClick={[Function]}
      >
        deviceInterfaces.command.configure
      </CustomizedActionButton>
      <Connect(MaskedCopyableTextField)
        allowMask={false}
        ariaLabel="deviceInterfaces.columns.id"
        label="deviceInterfaces.columns.id"
        readOnly={true}
        t={
          [MockFunction] {
            "calls": Array [
              Array [
                "deviceInterfaces.command.refresh",
              ],
              Array [
                "deviceProperties.command.refresh",
              ],
              Array [
                "deviceInterfaces.headerText",
              ],
              Array [
                "errorBoundary.text",
              ],
              Array [
                "deviceInterfaces.columns.source",
              ],
              Array [
                "deviceInterfaces.command.configure",
              ],
              Array [
                "deviceInterfaces.columns.id",
              ],
              Array [
                "deviceInterfaces.columns.id",
              ],
              Array [
                "deviceInterfaces.columns.displayName",
              ],
              Array [
                "deviceInterfaces.columns.displayName",
              ],
              Array [
                "deviceInterfaces.columns.description",
              ],
              Array [
                "deviceInterfaces.columns.description",
              ],
            ],
            "results": Array [
              Object {
                "type": "return",
                "value": "deviceInterfaces.command.refresh",
              },
              Object {
                "type": "return",
                "value": "deviceProperties.command.refresh",
              },
              Object {
                "type": "return",
                "value": "deviceInterfaces.headerText",
              },
              Object {
                "type": "return",
                "value": "errorBoundary.text",
              },
              Object {
                "type": "return",
                "value": "deviceInterfaces.columns.source",
              },
              Object {
                "type": "return",
                "value": "deviceInterfaces.command.configure",
              },
              Object {
                "type": "return",
                "value": "deviceInterfaces.columns.id",
              },
              Object {
                "type": "return",
                "value": "deviceInterfaces.columns.id",
              },
              Object {
                "type": "return",
                "value": "deviceInterfaces.columns.displayName",
              },
              Object {
                "type": "return",
                "value": "deviceInterfaces.columns.displayName",
              },
              Object {
                "type": "return",
                "value": "deviceInterfaces.columns.description",
              },
              Object {
                "type": "return",
                "value": "deviceInterfaces.columns.description",
              },
            ],
          }
        }
        value={null}
      />
      <Connect(MaskedCopyableTextField)
        allowMask={false}
        ariaLabel="deviceInterfaces.columns.displayName"
        label="deviceInterfaces.columns.displayName"
        readOnly={true}
        t={
          [MockFunction] {
            "calls": Array [
              Array [
                "deviceInterfaces.command.refresh",
              ],
              Array [
                "deviceProperties.command.refresh",
              ],
              Array [
                "deviceInterfaces.headerText",
              ],
              Array [
                "errorBoundary.text",
              ],
              Array [
                "deviceInterfaces.columns.source",
              ],
              Array [
                "deviceInterfaces.command.configure",
              ],
              Array [
                "deviceInterfaces.columns.id",
              ],
              Array [
                "deviceInterfaces.columns.id",
              ],
              Array [
                "deviceInterfaces.columns.displayName",
              ],
              Array [
                "deviceInterfaces.columns.displayName",
              ],
              Array [
                "deviceInterfaces.columns.description",
              ],
              Array [
                "deviceInterfaces.columns.description",
              ],
            ],
            "results": Array [
              Object {
                "type": "return",
                "value": "deviceInterfaces.command.refresh",
              },
              Object {
                "type": "return",
                "value": "deviceProperties.command.refresh",
              },
              Object {
                "type": "return",
                "value": "deviceInterfaces.headerText",
              },
              Object {
                "type": "return",
                "value": "errorBoundary.text",
              },
              Object {
                "type": "return",
                "value": "deviceInterfaces.columns.source",
              },
              Object {
                "type": "return",
                "value": "deviceInterfaces.command.configure",
              },
              Object {
                "type": "return",
                "value": "deviceInterfaces.columns.id",
              },
              Object {
                "type": "return",
                "value": "deviceInterfaces.columns.id",
              },
              Object {
                "type": "return",
                "value": "deviceInterfaces.columns.displayName",
              },
              Object {
                "type": "return",
                "value": "deviceInterfaces.columns.displayName",
              },
              Object {
                "type": "return",
                "value": "deviceInterfaces.columns.description",
              },
              Object {
                "type": "return",
                "value": "deviceInterfaces.columns.description",
              },
            ],
          }
        }
        value="--"
      />
      <Connect(MaskedCopyableTextField)
        allowMask={false}
        ariaLabel="deviceInterfaces.columns.description"
        label="deviceInterfaces.columns.description"
        readOnly={true}
        t={
          [MockFunction] {
            "calls": Array [
              Array [
                "deviceInterfaces.command.refresh",
              ],
              Array [
                "deviceProperties.command.refresh",
              ],
              Array [
                "deviceInterfaces.headerText",
              ],
              Array [
                "errorBoundary.text",
              ],
              Array [
                "deviceInterfaces.columns.source",
              ],
              Array [
                "deviceInterfaces.command.configure",
              ],
              Array [
                "deviceInterfaces.columns.id",
              ],
              Array [
                "deviceInterfaces.columns.id",
              ],
              Array [
                "deviceInterfaces.columns.displayName",
              ],
              Array [
                "deviceInterfaces.columns.displayName",
              ],
              Array [
                "deviceInterfaces.columns.description",
              ],
              Array [
                "deviceInterfaces.columns.description",
              ],
            ],
            "results": Array [
              Object {
                "type": "return",
                "value": "deviceInterfaces.command.refresh",
              },
              Object {
                "type": "return",
                "value": "deviceProperties.command.refresh",
              },
              Object {
                "type": "return",
                "value": "deviceInterfaces.headerText",
              },
              Object {
                "type": "return",
                "value": "errorBoundary.text",
              },
              Object {
                "type": "return",
                "value": "deviceInterfaces.columns.source",
              },
              Object {
                "type": "return",
                "value": "deviceInterfaces.command.configure",
              },
              Object {
                "type": "return",
                "value": "deviceInterfaces.columns.id",
              },
              Object {
                "type": "return",
                "value": "deviceInterfaces.columns.id",
              },
              Object {
                "type": "return",
                "value": "deviceInterfaces.columns.displayName",
              },
              Object {
                "type": "return",
                "value": "deviceInterfaces.columns.displayName",
              },
              Object {
                "type": "return",
                "value": "deviceInterfaces.columns.description",
              },
              Object {
                "type": "return",
                "value": "deviceInterfaces.columns.description",
              },
            ],
          }
        }
        value="--"
      />
      <article
        className="interface-definition"
      >
        <div
          className="monaco-editor"
        >
          <Suspense
            fallback={
              <StyledSpinnerBase
                size={3}
                title="loading"
              />
            }
          >
            <ContextConsumer>
              <Component />
            </ContextConsumer>
          </Suspense>
        </div>
      </article>
    </section>
  </ErrorBoundary>
</Fragment>
`;
