// Jest Snapshot v1, https://goo.gl/fbAQLP

exports[`notificationListEntry matches snapshot 1`] = `
<div
  className="notification-list-entry"
>
  <LiveRegion
    message="test"
  />
  <div
    className="success"
  >
    <CheckmarkCircleRegular
      style={
        {
          "fontSize": 18,
        }
      }
    />
  </div>
  <div
    className="body"
  >
    <div
      className="message"
      key="0"
    >
      test.
      <br />
    </div>
    <div
      className="notificationEntry-flexContainer"
    >
      <Link
        onClick={[Function]}
        style={
          {
            "flex": "5",
          }
        }
      >
        <AlertRegular
          className="notificationEntry-Ringer"
        />
        header.notifications.title
      </Link>
      <CopyButton
        isFlex={true}
      />
    </div>
    <div
      className="time"
    />
  </div>
</div>
`;
