// Jest Snapshot v1, https://goo.gl/fbAQLP

exports[`complexReportedFormPanel matches snapshot without twinWithSchema 1`] = `
<StyledPanelBase
  isLightDismiss={true}
  isOpen={false}
  onDismiss={[MockFunction]}
  type={3}
>
  <div
    className="panel-title"
  >
    <h1>
      deviceSettings.panel.title
    </h1>
    <StyledLabelBase>
      brightness
       (
      Brightness Level
      )
    </StyledLabelBase>
  </div>
  <ErrorBoundary
    error="errorBoundary.text"
  >
    <Form
      ArrayFieldTemplate={[Function]}
      ErrorList={[Function]}
      FieldTemplate={[Function]}
      ObjectFieldTemplate={[Function]}
      disabled={false}
      formData={123}
      liveValidate={true}
      noHtml5Validate={false}
      noValidate={false}
      omitExtraData={false}
      safeRenderCompletion={false}
      schema={
        Object {
          "description": "Brightness Level / The brightness level for the light on the device. Can be specified as 1 (high), 2 (medium), 3 (low)",
          "required": Array [],
          "title": "brightness",
          "type": "number",
        }
      }
      showErrorList={false}
      uiSchema={
        Object {
          "ui:description": "Brightness Level / The brightness level for the light on the device. Can be specified as 1 (high), 2 (medium), 3 (low)",
          "ui:disabled": true,
        }
      }
      widgets={
        Object {
          "CheckboxWidget": [Function],
          "DateWidget": [Function],
          "SelectWidget": [Function],
        }
      }
    >
      <br />
    </Form>
  </ErrorBoundary>
</StyledPanelBase>
`;
