// Jest Snapshot v1, https://goo.gl/fbAQLP

exports[`ResizableDetailsList matches snapshot 1`] = `
<DataGrid
  columnSizingOptions={{}}
  columns={[]}
  getRowId={[Function]}
  items={[]}
  resizableColumns={true}
>
  <DataGridHeader>
    <DataGridRow>
      <Component />
    </DataGridRow>
  </DataGridHeader>
  <DataGridBody>
    <Component />
  </DataGridBody>
</DataGrid>
`;
